2026.08.24 08:40:48 WARN  Using H2 2.4.240 which is newer than the version Flyway has been verified with. The latest verified version of H2 is 2.3.232.
2026.08.24 08:40:50 WARN  no build tool detected in workspace 'C:\Projects\m324_gruppe4'. The most common cause for this problem is that the editor was opened in the wrong working directory, for example if you use sbt then the workspace directory should contain build.sbt. 
2026.08.24 08:40:50 WARN  Build server is not auto-connectable.
2026.08.24 08:40:50 WARN  no build target for: C:\Projects\m324_gruppe4\Code\Ticket_System\src\main\java\ch\tbz\ticket_system\TicketSystemApplication.java
2026.08.24 08:40:54 INFO  no build target found for C:\Projects\m324_gruppe4\Code\Ticket_System\src\main\java\ch\tbz\ticket_system\TicketSystemApplication.java. Using fallback presentation compiler.
2026.08.24 08:40:55 WARN  no build target for: C:\Projects\m324_gruppe4\Code\Ticket_System\src\main\java\ch\tbz\ticket_system\TicketSystemApplication.java
Aug. 24, 2026 8:40:55 AM org.eclipse.lsp4j.jsonrpc.RemoteEndpoint handleCancellation
WARNUNG: Unmatched cancel notification for request id 4
2026.08.24 08:40:55 INFO  no build target found for C:\Projects\m324_gruppe4\Code\Ticket_System\src\main\java\ch\tbz\ticket_system\TicketSystemApplication.java. Using fallback presentation compiler.
2026.08.24 08:40:55 INFO  no build target found for C:\Projects\m324_gruppe4\Code\Ticket_System\src\main\java\ch\tbz\ticket_system\TicketSystemApplication.java. Using fallback presentation compiler.
2026.08.24 08:40:57 INFO  no build target found for C:\Projects\m324_gruppe4\Code\Ticket_System\src\main\java\ch\tbz\ticket_system\TicketSystemApplication.java. Using fallback presentation compiler.
2026.08.24 08:41:03 INFO  no build target found for C:\Projects\m324_gruppe4\Code\Ticket_System\src\main\java\ch\tbz\ticket_system\TicketSystemApplication.java. Using fallback presentation compiler.
2026.08.24 08:41:03 INFO  no build target found for C:\Projects\m324_gruppe4\Code\Ticket_System\src\main\java\ch\tbz\ticket_system\TicketSystemApplication.java. Using fallback presentation compiler.
2026.08.24 08:41:05 INFO  no build target found for C:\Projects\m324_gruppe4\Code\Ticket_System\src\main\java\ch\tbz\ticket_system\TicketSystemApplication.java. Using fallback presentation compiler.
2026.08.24 08:41:58 INFO  no build target found for C:\Projects\m324_gruppe4\Code\Ticket_System\src\main\java\ch\tbz\ticket_system\TicketSystemApplication.java. Using fallback presentation compiler.
2026.08.24 08:41:58 INFO  no build target found for C:\Projects\m324_gruppe4\Code\Ticket_System\src\main\java\ch\tbz\ticket_system\TicketSystemApplication.java. Using fallback presentation compiler.
2026.08.30 14:48:49 INFO  Shutting down server
2026.08.30 14:48:49 INFO  Memory monitor stopped
2026.08.30 14:48:49 INFO  shutting down Metals
2026.08.30 14:48:49 INFO  Exiting server
